// Jest Snapshot v1, https://goo.gl/fbAQLP

exports[`Check if Sign up page renders correctly 1`] = `
<div
  className="reserve-container"
  style={
    Object {
      "backgroundImage": "url(authentication.jpg)",
    }
  }
>
  <div
    className="reserve-heading"
  >
    <h1>
      CREATE AN ACCOUNT
    </h1>
    <hr />
  </div>
  <form
    onSubmit={[Function]}
  >
    <div
      className="login-form"
    >
      <input
        name="name"
        onBlur={[Function]}
        onChange={[Function]}
        placeholder="👤  name"
      />
    </div>
    <div
      className="login-form"
    >
      <input
        name="email"
        onBlur={[Function]}
        onChange={[Function]}
        placeholder="✉️  email"
      />
    </div>
    <div
      className="login-form"
    >
      <input
        name="password"
        onBlur={[Function]}
        onChange={[Function]}
        placeholder="🔒  password"
      />
    </div>
    <div
      className="login-btn"
    >
      <input
        type="submit"
        value="SIGN UP"
      />
    </div>
  </form>
</div>
`;
